{
  "version": "1.5.0",
  "plugins_used": [
    {
      "name": "ArtifactoryDetector"
    },
    {
      "name": "AWSKeyDetector"
    },
    {
      "name": "AzureStorageKeyDetector"
    },
    {
      "name": "Base64HighEntropyString",
      "limit": 4.5
    },
    {
      "name": "BasicAuthDetector"
    },
    {
      "name": "CloudantDetector"
    },
    {
      "name": "DiscordBotTokenDetector"
    },
    {
      "name": "GitHubTokenDetector"
    },
    {
      "name": "GitLabTokenDetector"
    },
    {
      "name": "HexHighEntropyString",
      "limit": 3.0
    },
    {
      "name": "IbmCloudIamDetector"
    },
    {
      "name": "IbmCosHmacDetector"
    },
    {
      "name": "IPPublicDetector"
    },
    {
      "name": "JwtTokenDetector"
    },
    {
      "name": "KeywordDetector",
      "keyword_exclude": ""
    },
    {
      "name": "MailchimpDetector"
    },
    {
      "name": "NpmDetector"
    },
    {
      "name": "OpenAIDetector"
    },
    {
      "name": "PrivateKeyDetector"
    },
    {
      "name": "PypiTokenDetector"
    },
    {
      "name": "SendGridDetector"
    },
    {
      "name": "SlackDetector"
    },
    {
      "name": "SoftlayerDetector"
    },
    {
      "name": "SquareOAuthDetector"
    },
    {
      "name": "StripeDetector"
    },
    {
      "name": "TelegramBotTokenDetector"
    },
    {
      "name": "TwilioKeyDetector"
    }
  ],
  "filters_used": [
    {
      "path": "detect_secrets.filters.allowlist.is_line_allowlisted"
    },
    {
      "path": "detect_secrets.filters.common.is_baseline_file",
      "filename": ".secrets.baseline"
    },
    {
      "path": "detect_secrets.filters.common.is_ignored_due_to_verification_policies",
      "min_level": 2
    },
    {
      "path": "detect_secrets.filters.heuristic.is_indirect_reference"
    },
    {
      "path": "detect_secrets.filters.heuristic.is_likely_id_string"
    },
    {
      "path": "detect_secrets.filters.heuristic.is_lock_file"
    },
    {
      "path": "detect_secrets.filters.heuristic.is_not_alphanumeric_string"
    },
    {
      "path": "detect_secrets.filters.heuristic.is_potential_uuid"
    },
    {
      "path": "detect_secrets.filters.heuristic.is_prefixed_with_dollar_sign"
    },
    {
      "path": "detect_secrets.filters.heuristic.is_sequential_string"
    },
    {
      "path": "detect_secrets.filters.heuristic.is_swagger_file"
    },
    {
      "path": "detect_secrets.filters.heuristic.is_templated_secret"
    },
    {
      "path": "detect_secrets.filters.regex.should_exclude_file",
      "pattern": [
        "backend/\\.venv/.*|frontend/node_modules/.*"
      ]
    },
    {
      "path": "detect_secrets.filters.regex.should_exclude_line",
      "pattern": [
        "^(revision|down_revision|Revision ID|Revises)"
      ]
    }
  ],
  "results": {
    ".github/workflows/ci.yml": [
      {
        "type": "Basic Auth Credentials",
        "filename": ".github/workflows/ci.yml",
        "hashed_secret": "5a4fe08359c7f97380e408c717ef42c86939cd86",
        "is_verified": false,
        "line_number": 62
      },
      {
        "type": "Secret Keyword",
        "filename": ".github/workflows/ci.yml",
        "hashed_secret": "f589aa94bfe52edfe9a54d66aa024f86c391a1b2",
        "is_verified": false,
        "line_number": 81
      },
      {
        "type": "Basic Auth Credentials",
        "filename": ".github/workflows/ci.yml",
        "hashed_secret": "f589aa94bfe52edfe9a54d66aa024f86c391a1b2",
        "is_verified": false,
        "line_number": 101
      }
    ],
    "PROMPT_CODEX_FRONTEND.md": [
      {
        "type": "Secret Keyword",
        "filename": "PROMPT_CODEX_FRONTEND.md",
        "hashed_secret": "6810cf4becf5b5dd918739a3c1eae0db167504e1",
        "is_verified": false,
        "line_number": 228
      }
    ],
    "backend/.env.example": [
      {
        "type": "Basic Auth Credentials",
        "filename": "backend/.env.example",
        "hashed_secret": "5baa61e4c9b93f3f0682250b6cf8331b7ee68fd8",
        "is_verified": false,
        "line_number": 7
      },
      {
        "type": "Basic Auth Credentials",
        "filename": "backend/.env.example",
        "hashed_secret": "352c2c60a6738f5c80a5b060e681d3e6fec1b1a9",
        "is_verified": false,
        "line_number": 8
      }
    ],
    "backend/app/modules/auth/models.py": [
      {
        "type": "Secret Keyword",
        "filename": "backend/app/modules/auth/models.py",
        "hashed_secret": "630254b80e05ea9a12bb7f4f5599c840eb6eefd1",
        "is_verified": false,
        "line_number": 23
      },
      {
        "type": "Secret Keyword",
        "filename": "backend/app/modules/auth/models.py",
        "hashed_secret": "08ae4c719b89460ac01158ec4157b588ff8ac111",
        "is_verified": false,
        "line_number": 99
      }
    ],
    "backend/tests/conftest.py": [
      {
        "type": "Secret Keyword",
        "filename": "backend/tests/conftest.py",
        "hashed_secret": "d3f8854b3e3151dfadfe6707c07ebd64ef57c7db",
        "is_verified": false,
        "line_number": 212
      }
    ],
    "backend/tests/integration/test_auth_endpoints.py": [
      {
        "type": "Secret Keyword",
        "filename": "backend/tests/integration/test_auth_endpoints.py",
        "hashed_secret": "3b4465663c6df1591c7a289dcc5d9de94ba936ad",
        "is_verified": false,
        "line_number": 19
      },
      {
        "type": "Secret Keyword",
        "filename": "backend/tests/integration/test_auth_endpoints.py",
        "hashed_secret": "25f3c0679a7d5584b10fa8a1ad16f5c40e7e1e7a",
        "is_verified": false,
        "line_number": 96
      },
      {
        "type": "Secret Keyword",
        "filename": "backend/tests/integration/test_auth_endpoints.py",
        "hashed_secret": "1185b728e990c591ed8ba65255f1e3e694ae2de3",
        "is_verified": false,
        "line_number": 131
      },
      {
        "type": "Secret Keyword",
        "filename": "backend/tests/integration/test_auth_endpoints.py",
        "hashed_secret": "3e2e562ee0778ad3c601c27423afb9742a370bba",
        "is_verified": false,
        "line_number": 317
      },
      {
        "type": "Secret Keyword",
        "filename": "backend/tests/integration/test_auth_endpoints.py",
        "hashed_secret": "44b75497466cdc5e84ea801840bc399457ac3f44",
        "is_verified": false,
        "line_number": 325
      }
    ],
    "backend/tests/integration/test_documentos_http.py": [
      {
        "type": "Secret Keyword",
        "filename": "backend/tests/integration/test_documentos_http.py",
        "hashed_secret": "3b4465663c6df1591c7a289dcc5d9de94ba936ad",
        "is_verified": false,
        "line_number": 22
      }
    ],
    "backend/tests/integration/test_shipments_http.py": [
      {
        "type": "Secret Keyword",
        "filename": "backend/tests/integration/test_shipments_http.py",
        "hashed_secret": "3b4465663c6df1591c7a289dcc5d9de94ba936ad",
        "is_verified": false,
        "line_number": 18
      }
    ],
    "backend/tests/security/test_argon2.py": [
      {
        "type": "Secret Keyword",
        "filename": "backend/tests/security/test_argon2.py",
        "hashed_secret": "e9b07d54aff850554cbdd32539bd376d41b3061c",
        "is_verified": false,
        "line_number": 21
      }
    ],
    "backend/tests/security/test_auditoria.py": [
      {
        "type": "Secret Keyword",
        "filename": "backend/tests/security/test_auditoria.py",
        "hashed_secret": "264c34ca1d5e413dc23e5f77c9319f468ded71b1",
        "is_verified": false,
        "line_number": 87
      },
      {
        "type": "Secret Keyword",
        "filename": "backend/tests/security/test_auditoria.py",
        "hashed_secret": "f4c28451a65ec3d13a975f70eafba68233261070",
        "is_verified": false,
        "line_number": 128
      }
    ],
    "backend/tests/security/test_auth_sessions.py": [
      {
        "type": "Secret Keyword",
        "filename": "backend/tests/security/test_auth_sessions.py",
        "hashed_secret": "3b4465663c6df1591c7a289dcc5d9de94ba936ad",
        "is_verified": false,
        "line_number": 27
      },
      {
        "type": "Secret Keyword",
        "filename": "backend/tests/security/test_auth_sessions.py",
        "hashed_secret": "af8d1906288522b77a3c01b1c8fab6a68b891e1b",
        "is_verified": false,
        "line_number": 73
      },
      {
        "type": "Secret Keyword",
        "filename": "backend/tests/security/test_auth_sessions.py",
        "hashed_secret": "1185b728e990c591ed8ba65255f1e3e694ae2de3",
        "is_verified": false,
        "line_number": 103
      },
      {
        "type": "Secret Keyword",
        "filename": "backend/tests/security/test_auth_sessions.py",
        "hashed_secret": "e9b07d54aff850554cbdd32539bd376d41b3061c",
        "is_verified": false,
        "line_number": 142
      }
    ],
    "docs/migration/check_archivos.py": [
      {
        "type": "Basic Auth Credentials",
        "filename": "docs/migration/check_archivos.py",
        "hashed_secret": "5baa61e4c9b93f3f0682250b6cf8331b7ee68fd8",
        "is_verified": false,
        "line_number": 8
      }
    ]
  },
  "generated_at": "2026-08-25T10:27:39Z"
}
